Program { entry: LocalBinding(LocalBinding { var: Variable(0), bind: Direct(Number(1)), body: LocalBinding(LocalBinding { var: Variable(1), bind: BinaryOperation(BinaryOperation { kind: Add, lhs: Direct(Number(2)), rhs: Direct(Variable(Variable(0))) }), body: LocalBinding(LocalBinding { var: Variable(2), bind: BinaryOperation(BinaryOperation { kind: Less, lhs: Direct(Variable(Variable(1))), rhs: Direct(Number(10)) }), body: Conditional(Conditional { condition: Direct(Variable(Variable(2))), yes: Direct(Number(1)), no: Direct(Number(2)) }) }) }) }), functions: [] }