Program { entry: LocalBinding(LocalBinding { var: Variable(0), bind: Direct(Integer(1)), body: LocalBinding(LocalBinding { var: Variable(1), bind: BinaryOperation(BinaryOperation { kind: AddInt, lhs: Direct(Integer(2)), rhs: Direct(Variable(Variable(0))) }), body: LocalBinding(LocalBinding { var: Variable(2), bind: BinaryOperation(BinaryOperation { kind: LessInt, lhs: Direct(Variable(Variable(1))), rhs: Direct(Integer(10)) }), body: Conditional(Conditional { condition: Direct(Variable(Variable(2))), yes: Direct(Integer(1)), no: Direct(Integer(2)), float_mode: false }) }) }) }), functions: [] }